[INFO] Scanning for projects...
[INFO] 
[INFO] -------------------------< com.adotematch:ai >--------------------------
[INFO] Building ai 0.0.1-SNAPSHOT
[INFO]   from pom.xml
[INFO] --------------------------------[ jar ]---------------------------------
[INFO] 
[INFO] --- clean:3.4.1:clean (default-clean) @ ai ---
[INFO] Deleting C:\Users\Artur\Desktop\RestAPI_AdoteAI\adoteai_restapi-springboot\target
[INFO] 
[INFO] --- resources:3.3.1:resources (default-resources) @ ai ---
[INFO] Copying 1 resource from src\main\resources to target\classes
[INFO] Copying 3 resources from src\main\resources to target\classes
[INFO] 
[INFO] --- compiler:3.11.0:compile (default-compile) @ ai ---
[INFO] Changes detected - recompiling the module! :source
[INFO] Compiling 18 source files with javac [debug release 21] to target\classes
[INFO] ------------------------------------------------------------------------
[INFO] BUILD SUCCESS
[INFO] ------------------------------------------------------------------------
[INFO] Total time:  3.298 s
[INFO] Finished at: 2025-11-14T01:02:20-03:00
[INFO] ------------------------------------------------------------------------
